2026-08-12 19:47:30,979 INFO o.a.j.u.JMeterUtils: Setting Locale to en_EN
2026-08-12 19:47:30,998 INFO o.a.j.JMeter: Loading user properties from: C:\Users\dn156\tools\apache-jmeter-5.6.3\bin\user.properties
2026-08-12 19:47:30,999 INFO o.a.j.JMeter: Loading system properties from: C:\Users\dn156\tools\apache-jmeter-5.6.3\bin\system.properties
2026-08-12 19:47:31,004 INFO o.a.j.JMeter: Copyright (c) 1998-2024 The Apache Software Foundation
2026-08-12 19:47:31,004 INFO o.a.j.JMeter: Version 5.6.3
2026-08-12 19:47:31,004 INFO o.a.j.JMeter: java.version=21.0.8
2026-08-12 19:47:31,004 INFO o.a.j.JMeter: java.vm.name=OpenJDK 64-Bit Server VM
2026-08-12 19:47:31,004 INFO o.a.j.JMeter: os.name=Windows 11
2026-08-12 19:47:31,004 INFO o.a.j.JMeter: os.arch=amd64
2026-08-12 19:47:31,004 INFO o.a.j.JMeter: os.version=10.0
2026-08-12 19:47:31,004 INFO o.a.j.JMeter: file.encoding=UTF-8
2026-08-12 19:47:31,005 INFO o.a.j.JMeter: java.awt.headless=true
2026-08-12 19:47:31,005 INFO o.a.j.JMeter: Max memory     =1073741824
2026-08-12 19:47:31,005 INFO o.a.j.JMeter: Available Processors =20
2026-08-12 19:47:31,014 INFO o.a.j.JMeter: Default Locale=English (EN)
2026-08-12 19:47:31,014 INFO o.a.j.JMeter: JMeter  Locale=English (EN)
2026-08-12 19:47:31,014 INFO o.a.j.JMeter: JMeterHome=C:\Users\dn156\tools\apache-jmeter-5.6.3
2026-08-12 19:47:31,014 INFO o.a.j.JMeter: user.dir  =C:\Users\dn156\source\software-testing\software-testing\hw\hw5
2026-08-12 19:47:31,015 INFO o.a.j.JMeter: PWD       =C:\Users\dn156\source\software-testing\software-testing\hw\hw5
2026-08-12 19:47:31,016 INFO o.a.j.JMeter: IP: 172.20.10.4 Name: Tony FullName: Tony
2026-08-12 19:47:31,026 INFO o.a.j.JMeter: Setting property 'jmeter.reportgenerator.outputdir' to:'C:\Users\dn156\source\software-testing\software-testing\hw\hw5\results\html\Load'
2026-08-12 19:47:31,028 INFO o.a.j.s.FileServer: Default base='C:\Users\dn156\source\software-testing\software-testing\hw\hw5'
2026-08-12 19:47:31,030 INFO o.a.j.s.FileServer: Set new base='C:\Users\dn156\source\software-testing\software-testing\hw\hw5\testplans'
2026-08-12 19:47:31,184 INFO o.a.j.s.SaveService: Testplan (JMX) version: 2.2. Testlog (JTL) version: 2.2
2026-08-12 19:47:31,215 INFO o.a.j.s.SaveService: Using SaveService properties version 5.0
2026-08-12 19:47:31,218 INFO o.a.j.s.SaveService: Using SaveService properties file encoding UTF-8
2026-08-12 19:47:31,221 INFO o.a.j.s.SaveService: Loading file: testplans\23127334_Load_20260811.jmx
2026-08-12 19:47:31,277 INFO o.a.j.p.h.s.HTTPSamplerBase: Parser for text/html is org.apache.jmeter.protocol.http.parser.LagartoBasedHtmlParser
2026-08-12 19:47:31,277 INFO o.a.j.p.h.s.HTTPSamplerBase: Parser for application/xhtml+xml is org.apache.jmeter.protocol.http.parser.LagartoBasedHtmlParser
2026-08-12 19:47:31,277 INFO o.a.j.p.h.s.HTTPSamplerBase: Parser for application/xml is org.apache.jmeter.protocol.http.parser.LagartoBasedHtmlParser
2026-08-12 19:47:31,277 INFO o.a.j.p.h.s.HTTPSamplerBase: Parser for text/xml is org.apache.jmeter.protocol.http.parser.LagartoBasedHtmlParser
2026-08-12 19:47:31,277 INFO o.a.j.p.h.s.HTTPSamplerBase: Parser for text/vnd.wap.wml is org.apache.jmeter.protocol.http.parser.RegexpHTMLParser
2026-08-12 19:47:31,277 INFO o.a.j.p.h.s.HTTPSamplerBase: Parser for text/css is org.apache.jmeter.protocol.http.parser.CssParser
2026-08-12 19:47:31,352 INFO o.a.j.JMeter: Creating summariser <summary>
2026-08-12 19:47:31,355 INFO o.a.j.r.d.ReportGenerator: ReportGenerator will use for Parsing the separator: ','
2026-08-12 19:47:31,356 INFO o.a.j.r.d.ReportGenerator: Will generate report at end of test from  results file: results/jtl/Load.jtl
2026-08-12 19:47:31,356 INFO o.a.j.r.d.ReportGenerator: Reading report generator properties from: C:\Users\dn156\tools\apache-jmeter-5.6.3\bin\reportgenerator.properties
2026-08-12 19:47:31,357 INFO o.a.j.r.d.ReportGenerator: Merging with JMeter properties
2026-08-12 19:47:31,362 INFO o.a.j.r.c.ReportGeneratorConfiguration: Property 'jmeter.reportgenerator.temp_dir' not found, using default value 'temp' instead.
2026-08-12 19:47:31,365 INFO o.a.j.r.c.ReportGeneratorConfiguration: Property 'jmeter.reportgenerator.apdex_per_transaction' not found, using default value 'null' instead.
2026-08-12 19:47:31,365 INFO o.a.j.r.c.ReportGeneratorConfiguration: apdex_per_transaction is empty, not APDEX per transaction customization
2026-08-12 19:47:31,365 INFO o.a.j.r.c.ReportGeneratorConfiguration: Property 'jmeter.reportgenerator.sample_filter' not found, using default value 'null' instead.
2026-08-12 19:47:31,365 INFO o.a.j.r.c.ReportGeneratorConfiguration: Property 'jmeter.reportgenerator.report_title' not found, using default value 'null' instead.
2026-08-12 19:47:31,366 INFO o.a.j.r.c.ReportGeneratorConfiguration: Property 'jmeter.reportgenerator.start_date' not found, using default value 'null' instead.
2026-08-12 19:47:31,366 INFO o.a.j.r.c.ReportGeneratorConfiguration: Property 'jmeter.reportgenerator.end_date' not found, using default value 'null' instead.
2026-08-12 19:47:31,366 INFO o.a.j.r.c.ReportGeneratorConfiguration: Property 'jmeter.reportgenerator.date_format' not found, using default value 'null' instead.
2026-08-12 19:47:31,366 INFO o.a.j.r.c.ReportGeneratorConfiguration: Will use date range start date: null, end date: null
2026-08-12 19:47:31,369 INFO o.a.j.r.c.ReportGeneratorConfiguration: Property 'jmeter.reportgenerator.graph.totalTPS.exclude_controllers' not found, using default value 'false' instead.
2026-08-12 19:47:31,370 INFO o.a.j.r.c.ReportGeneratorConfiguration: Property 'jmeter.reportgenerator.graph.activeThreadsOverTime.exclude_controllers' not found, using default value 'false' instead.
2026-08-12 19:47:31,370 INFO o.a.j.r.c.ReportGeneratorConfiguration: Property 'jmeter.reportgenerator.graph.timeVsThreads.exclude_controllers' not found, using default value 'false' instead.
2026-08-12 19:47:31,370 INFO o.a.j.r.c.ReportGeneratorConfiguration: Property 'jmeter.reportgenerator.graph.responseTimeDistribution.exclude_controllers' not found, using default value 'false' instead.
2026-08-12 19:47:31,370 INFO o.a.j.r.c.ReportGeneratorConfiguration: Property 'jmeter.reportgenerator.graph.transactionsPerSecond.exclude_controllers' not found, using default value 'false' instead.
2026-08-12 19:47:31,370 INFO o.a.j.r.c.ReportGeneratorConfiguration: Property 'jmeter.reportgenerator.graph.responseTimePercentiles.exclude_controllers' not found, using default value 'false' instead.
2026-08-12 19:47:31,370 INFO o.a.j.r.c.ReportGeneratorConfiguration: Property 'jmeter.reportgenerator.graph.responseTimePercentilesOverTime.exclude_controllers' not found, using default value 'false' instead.
2026-08-12 19:47:31,370 INFO o.a.j.r.c.ReportGeneratorConfiguration: Property 'jmeter.reportgenerator.graph.responseTimesOverTime.exclude_controllers' not found, using default value 'false' instead.
2026-08-12 19:47:31,371 INFO o.a.j.r.c.ReportGeneratorConfiguration: Property 'jmeter.reportgenerator.graph.connectTimeOverTime.exclude_controllers' not found, using default value 'false' instead.
2026-08-12 19:47:31,371 INFO o.a.j.r.c.ReportGeneratorConfiguration: Property 'jmeter.reportgenerator.graph.latenciesOverTime.exclude_controllers' not found, using default value 'false' instead.
2026-08-12 19:47:31,372 INFO o.a.j.r.c.ReportGeneratorConfiguration: Property 'jmeter.reportgenerator.exporter.json.filters_only_sample_series' not found, using default value 'true' instead.
2026-08-12 19:47:31,372 INFO o.a.j.r.c.ReportGeneratorConfiguration: Property 'jmeter.reportgenerator.exporter.json.series_filter' not found, using default value '' instead.
2026-08-12 19:47:31,372 INFO o.a.j.r.c.ReportGeneratorConfiguration: Property 'jmeter.reportgenerator.exporter.json.show_controllers_only' not found, using default value 'false' instead.
2026-08-12 19:47:31,372 INFO o.a.j.r.c.ReportGeneratorConfiguration: Property 'jmeter.reportgenerator.exporter.html.filters_only_sample_series' not found, using default value 'true' instead.
2026-08-12 19:47:31,372 INFO o.a.j.r.c.ReportGeneratorConfiguration: Property 'jmeter.reportgenerator.exporter.html.series_filter' not found, using default value '' instead.
2026-08-12 19:47:31,373 INFO o.a.j.r.c.ReportGeneratorConfiguration: Property 'jmeter.reportgenerator.exporter.html.show_controllers_only' not found, using default value 'false' instead.
2026-08-12 19:47:31,387 INFO o.a.j.e.StandardJMeterEngine: Running the test!
2026-08-12 19:47:31,387 INFO o.a.j.s.SampleEvent: List of sample_variables: []
2026-08-12 19:47:31,387 INFO o.a.j.s.SampleEvent: List of sample_variables: []
2026-08-12 19:47:31,391 INFO o.a.j.e.u.CompoundVariable: Note: Function class names must contain the string: '.functions.'
2026-08-12 19:47:31,391 INFO o.a.j.e.u.CompoundVariable: Note: Function class names must not contain the string: '.gui.'
2026-08-12 19:47:31,672 INFO o.a.j.JMeter: Running test (1786538851672)
2026-08-12 19:47:31,688 INFO o.a.j.e.StandardJMeterEngine: Starting ThreadGroup: 1 : Load - 50 VU; 60s ramp + 300s hold
2026-08-12 19:47:31,688 INFO o.a.j.e.StandardJMeterEngine: Starting 50 threads for group Load - 50 VU; 60s ramp + 300s hold.
2026-08-12 19:47:31,688 INFO o.a.j.e.StandardJMeterEngine: Thread will continue on error
2026-08-12 19:47:31,688 INFO o.a.j.t.ThreadGroup: Starting thread group... number=1 threads=50 ramp-up=60 delayedStart=false
2026-08-12 19:47:31,705 INFO o.a.j.t.JMeterThread: Thread started: Load - 50 VU; 60s ramp + 300s hold 1-1
2026-08-12 19:47:31,707 INFO o.a.j.s.FileServer: Stored: ../data/products.csv
2026-08-12 19:47:31,725 INFO o.a.j.s.FileServer: Stored: ../data/users.csv
2026-08-12 19:47:31,736 INFO o.a.j.t.ThreadGroup: Started thread group number 1
2026-08-12 19:47:31,736 INFO o.a.j.e.StandardJMeterEngine: All thread groups have been started
2026-08-12 19:47:32,900 INFO o.a.j.t.JMeterThread: Thread started: Load - 50 VU; 60s ramp + 300s hold 1-2
2026-08-12 19:47:34,098 INFO o.a.j.t.JMeterThread: Thread started: Load - 50 VU; 60s ramp + 300s hold 1-3
2026-08-12 19:47:34,105 INFO o.a.j.p.h.s.HTTPHCAbstractImpl: Local host = Tony
2026-08-12 19:47:34,114 INFO o.a.j.p.h.s.HTTPHC4Impl: HTTP request retry count = 0
2026-08-12 19:47:34,116 INFO o.a.j.s.SampleResult: Note: Sample TimeStamps are START times
2026-08-12 19:47:34,116 INFO o.a.j.s.SampleResult: sampleresult.default.encoding is set to UTF-8
2026-08-12 19:47:34,116 INFO o.a.j.s.SampleResult: sampleresult.useNanoTime=true
2026-08-12 19:47:34,116 INFO o.a.j.s.SampleResult: sampleresult.nanoThreadSleep=5000
2026-08-12 19:47:34,267 INFO o.a.j.r.Summariser: summary +      1 in 00:00:03 =    0.4/s Avg:    44 Min:    44 Max:    44 Err:     0 (0.00%) Active: 3 Started: 3 Finished: 0
2026-08-12 19:47:35,297 INFO o.a.j.t.JMeterThread: Thread started: Load - 50 VU; 60s ramp + 300s hold 1-4
2026-08-12 19:47:36,497 INFO o.a.j.t.JMeterThread: Thread started: Load - 50 VU; 60s ramp + 300s hold 1-5
2026-08-12 19:47:37,696 INFO o.a.j.t.JMeterThread: Thread started: Load - 50 VU; 60s ramp + 300s hold 1-6
2026-08-12 19:47:38,896 INFO o.a.j.t.JMeterThread: Thread started: Load - 50 VU; 60s ramp + 300s hold 1-7
2026-08-12 19:47:40,095 INFO o.a.j.t.JMeterThread: Thread started: Load - 50 VU; 60s ramp + 300s hold 1-8
2026-08-12 19:47:41,293 INFO o.a.j.t.JMeterThread: Thread started: Load - 50 VU; 60s ramp + 300s hold 1-9
2026-08-12 19:47:42,491 INFO o.a.j.t.JMeterThread: Thread started: Load - 50 VU; 60s ramp + 300s hold 1-10
2026-08-12 19:47:43,692 INFO o.a.j.t.JMeterThread: Thread started: Load - 50 VU; 60s ramp + 300s hold 1-11
2026-08-12 19:47:44,890 INFO o.a.j.t.JMeterThread: Thread started: Load - 50 VU; 60s ramp + 300s hold 1-12
2026-08-12 19:47:46,091 INFO o.a.j.t.JMeterThread: Thread started: Load - 50 VU; 60s ramp + 300s hold 1-13
2026-08-12 19:47:47,291 INFO o.a.j.t.JMeterThread: Thread started: Load - 50 VU; 60s ramp + 300s hold 1-14
2026-08-12 19:47:48,493 INFO o.a.j.t.JMeterThread: Thread started: Load - 50 VU; 60s ramp + 300s hold 1-15
2026-08-12 19:47:49,691 INFO o.a.j.t.JMeterThread: Thread started: Load - 50 VU; 60s ramp + 300s hold 1-16
2026-08-12 19:47:50,891 INFO o.a.j.t.JMeterThread: Thread started: Load - 50 VU; 60s ramp + 300s hold 1-17
2026-08-12 19:47:52,091 INFO o.a.j.t.JMeterThread: Thread started: Load - 50 VU; 60s ramp + 300s hold 1-18
2026-08-12 19:47:53,077 INFO o.a.j.u.JsseSSLManager: Using default SSL protocol: TLS
2026-08-12 19:47:53,077 INFO o.a.j.u.JsseSSLManager: SSL session context: per-thread
2026-08-12 19:47:53,289 INFO o.a.j.t.JMeterThread: Thread started: Load - 50 VU; 60s ramp + 300s hold 1-19
2026-08-12 19:47:54,489 INFO o.a.j.t.JMeterThread: Thread started: Load - 50 VU; 60s ramp + 300s hold 1-20
2026-08-12 19:47:55,690 INFO o.a.j.t.JMeterThread: Thread started: Load - 50 VU; 60s ramp + 300s hold 1-21
2026-08-12 19:47:56,891 INFO o.a.j.t.JMeterThread: Thread started: Load - 50 VU; 60s ramp + 300s hold 1-22
2026-08-12 19:47:58,090 INFO o.a.j.t.JMeterThread: Thread started: Load - 50 VU; 60s ramp + 300s hold 1-23
2026-08-12 19:47:59,289 INFO o.a.j.t.JMeterThread: Thread started: Load - 50 VU; 60s ramp + 300s hold 1-24
2026-08-12 19:48:00,007 INFO o.a.j.r.Summariser: summary +     69 in 00:00:26 =    2.7/s Avg:     4 Min:     2 Max:    12 Err:     0 (0.00%) Active: 24 Started: 24 Finished: 0
2026-08-12 19:48:00,007 INFO o.a.j.r.Summariser: summary =     70 in 00:00:28 =    2.5/s Avg:     4 Min:     2 Max:    44 Err:     0 (0.00%)
2026-08-12 19:48:00,490 INFO o.a.j.t.JMeterThread: Thread started: Load - 50 VU; 60s ramp + 300s hold 1-25
2026-08-12 19:48:01,691 INFO o.a.j.t.JMeterThread: Thread started: Load - 50 VU; 60s ramp + 300s hold 1-26
2026-08-12 19:48:02,891 INFO o.a.j.t.JMeterThread: Thread started: Load - 50 VU; 60s ramp + 300s hold 1-27
2026-08-12 19:48:04,089 INFO o.a.j.t.JMeterThread: Thread started: Load - 50 VU; 60s ramp + 300s hold 1-28
2026-08-12 19:48:05,290 INFO o.a.j.t.JMeterThread: Thread started: Load - 50 VU; 60s ramp + 300s hold 1-29
2026-08-12 19:48:06,490 INFO o.a.j.t.JMeterThread: Thread started: Load - 50 VU; 60s ramp + 300s hold 1-30
2026-08-12 19:48:07,690 INFO o.a.j.t.JMeterThread: Thread started: Load - 50 VU; 60s ramp + 300s hold 1-31
2026-08-12 19:48:08,889 INFO o.a.j.t.JMeterThread: Thread started: Load - 50 VU; 60s ramp + 300s hold 1-32
2026-08-12 19:48:10,090 INFO o.a.j.t.JMeterThread: Thread started: Load - 50 VU; 60s ramp + 300s hold 1-33
2026-08-12 19:48:11,290 INFO o.a.j.t.JMeterThread: Thread started: Load - 50 VU; 60s ramp + 300s hold 1-34
2026-08-12 19:48:12,492 INFO o.a.j.t.JMeterThread: Thread started: Load - 50 VU; 60s ramp + 300s hold 1-35
2026-08-12 19:48:13,689 INFO o.a.j.t.JMeterThread: Thread started: Load - 50 VU; 60s ramp + 300s hold 1-36
2026-08-12 19:48:14,890 INFO o.a.j.t.JMeterThread: Thread started: Load - 50 VU; 60s ramp + 300s hold 1-37
2026-08-12 19:48:16,090 INFO o.a.j.t.JMeterThread: Thread started: Load - 50 VU; 60s ramp + 300s hold 1-38
2026-08-12 19:48:17,289 INFO o.a.j.t.JMeterThread: Thread started: Load - 50 VU; 60s ramp + 300s hold 1-39
2026-08-12 19:48:18,489 INFO o.a.j.t.JMeterThread: Thread started: Load - 50 VU; 60s ramp + 300s hold 1-40
2026-08-12 19:48:19,691 INFO o.a.j.t.JMeterThread: Thread started: Load - 50 VU; 60s ramp + 300s hold 1-41
2026-08-12 19:48:20,890 INFO o.a.j.t.JMeterThread: Thread started: Load - 50 VU; 60s ramp + 300s hold 1-42
2026-08-12 19:48:22,090 INFO o.a.j.t.JMeterThread: Thread started: Load - 50 VU; 60s ramp + 300s hold 1-43
2026-08-12 19:48:23,289 INFO o.a.j.t.JMeterThread: Thread started: Load - 50 VU; 60s ramp + 300s hold 1-44
2026-08-12 19:48:24,490 INFO o.a.j.t.JMeterThread: Thread started: Load - 50 VU; 60s ramp + 300s hold 1-45
2026-08-12 19:48:25,691 INFO o.a.j.t.JMeterThread: Thread started: Load - 50 VU; 60s ramp + 300s hold 1-46
2026-08-12 19:48:26,889 INFO o.a.j.t.JMeterThread: Thread started: Load - 50 VU; 60s ramp + 300s hold 1-47
2026-08-12 19:48:28,089 INFO o.a.j.t.JMeterThread: Thread started: Load - 50 VU; 60s ramp + 300s hold 1-48
2026-08-12 19:48:29,289 INFO o.a.j.t.JMeterThread: Thread started: Load - 50 VU; 60s ramp + 300s hold 1-49
2026-08-12 19:48:30,047 INFO o.a.j.r.Summariser: summary +    239 in 00:00:30 =    8.0/s Avg:     4 Min:     1 Max:    20 Err:     0 (0.00%) Active: 49 Started: 49 Finished: 0
2026-08-12 19:48:30,048 INFO o.a.j.r.Summariser: summary =    309 in 00:00:58 =    5.3/s Avg:     4 Min:     1 Max:    44 Err:     0 (0.00%)
2026-08-12 19:48:30,491 INFO o.a.j.t.JMeterThread: Thread started: Load - 50 VU; 60s ramp + 300s hold 1-50
2026-08-12 19:49:00,004 INFO o.a.j.r.Summariser: summary +    327 in 00:00:30 =   10.9/s Avg:     4 Min:     1 Max:    22 Err:     0 (0.00%) Active: 50 Started: 50 Finished: 0
2026-08-12 19:49:00,004 INFO o.a.j.r.Summariser: summary =    636 in 00:01:28 =    7.2/s Avg:     4 Min:     1 Max:    44 Err:     0 (0.00%)
2026-08-12 19:49:30,002 INFO o.a.j.r.Summariser: summary +    323 in 00:00:30 =   10.8/s Avg:     4 Min:     1 Max:    17 Err:     0 (0.00%) Active: 50 Started: 50 Finished: 0
2026-08-12 19:49:30,002 INFO o.a.j.r.Summariser: summary =    959 in 00:01:58 =    8.1/s Avg:     4 Min:     1 Max:    44 Err:     0 (0.00%)
2026-08-12 19:50:00,216 INFO o.a.j.r.Summariser: summary +    334 in 00:00:30 =   11.1/s Avg:    11 Min:     1 Max:    76 Err:     0 (0.00%) Active: 50 Started: 50 Finished: 0
2026-08-12 19:50:00,216 INFO o.a.j.r.Summariser: summary =   1293 in 00:02:29 =    8.7/s Avg:     6 Min:     1 Max:    76 Err:     0 (0.00%)
2026-08-12 19:50:30,102 INFO o.a.j.r.Summariser: summary +    329 in 00:00:30 =   11.0/s Avg:     7 Min:     2 Max:    43 Err:     0 (0.00%) Active: 50 Started: 50 Finished: 0
2026-08-12 19:50:30,103 INFO o.a.j.r.Summariser: summary =   1622 in 00:02:58 =    9.1/s Avg:     6 Min:     1 Max:    76 Err:     0 (0.00%)
2026-08-12 19:51:00,080 INFO o.a.j.r.Summariser: summary +    326 in 00:00:30 =   10.9/s Avg:     7 Min:     2 Max:    28 Err:     0 (0.00%) Active: 50 Started: 50 Finished: 0
2026-08-12 19:51:00,080 INFO o.a.j.r.Summariser: summary =   1948 in 00:03:28 =    9.3/s Avg:     6 Min:     1 Max:    76 Err:     0 (0.00%)
2026-08-12 19:51:30,080 INFO o.a.j.r.Summariser: summary +    311 in 00:00:30 =   10.4/s Avg:     8 Min:     2 Max:    29 Err:     0 (0.00%) Active: 50 Started: 50 Finished: 0
2026-08-12 19:51:30,081 INFO o.a.j.r.Summariser: summary =   2259 in 00:03:58 =    9.5/s Avg:     7 Min:     1 Max:    76 Err:     0 (0.00%)
2026-08-12 19:52:00,087 INFO o.a.j.r.Summariser: summary +    334 in 00:00:30 =   11.1/s Avg:     8 Min:     1 Max:    34 Err:     0 (0.00%) Active: 50 Started: 50 Finished: 0
2026-08-12 19:52:00,088 INFO o.a.j.r.Summariser: summary =   2593 in 00:04:28 =    9.7/s Avg:     7 Min:     1 Max:    76 Err:     0 (0.00%)
2026-08-12 19:52:30,094 INFO o.a.j.r.Summariser: summary +    347 in 00:00:30 =   11.6/s Avg:     7 Min:     1 Max:    39 Err:     0 (0.00%) Active: 50 Started: 50 Finished: 0
2026-08-12 19:52:30,095 INFO o.a.j.r.Summariser: summary =   2940 in 00:04:58 =    9.9/s Avg:     7 Min:     1 Max:    76 Err:     0 (0.00%)
2026-08-12 19:53:00,114 INFO o.a.j.r.Summariser: summary +    339 in 00:00:30 =   11.3/s Avg:     5 Min:     1 Max:    32 Err:     0 (0.00%) Active: 50 Started: 50 Finished: 0
2026-08-12 19:53:00,114 INFO o.a.j.r.Summariser: summary =   3279 in 00:05:28 =   10.0/s Avg:     7 Min:     1 Max:    76 Err:     0 (0.00%)
2026-08-12 19:53:17,176 INFO o.a.j.t.JMeterThread: Thread finished: Load - 50 VU; 60s ramp + 300s hold 1-25
2026-08-12 19:53:17,892 INFO o.a.j.t.JMeterThread: Thread finished: Load - 50 VU; 60s ramp + 300s hold 1-45
2026-08-12 19:53:21,021 INFO o.a.j.t.JMeterThread: Thread finished: Load - 50 VU; 60s ramp + 300s hold 1-7
2026-08-12 19:53:22,288 INFO o.a.j.t.JMeterThread: Thread finished: Load - 50 VU; 60s ramp + 300s hold 1-23
2026-08-12 19:53:22,536 INFO o.a.j.t.JMeterThread: Thread finished: Load - 50 VU; 60s ramp + 300s hold 1-41
2026-08-12 19:53:22,784 INFO o.a.j.t.JMeterThread: Thread finished: Load - 50 VU; 60s ramp + 300s hold 1-40
2026-08-12 19:53:22,841 INFO o.a.j.t.JMeterThread: Thread finished: Load - 50 VU; 60s ramp + 300s hold 1-42
2026-08-12 19:53:23,035 INFO o.a.j.t.JMeterThread: Thread finished: Load - 50 VU; 60s ramp + 300s hold 1-2
2026-08-12 19:53:23,200 INFO o.a.j.t.JMeterThread: Thread finished: Load - 50 VU; 60s ramp + 300s hold 1-17
2026-08-12 19:53:23,634 INFO o.a.j.t.JMeterThread: Thread finished: Load - 50 VU; 60s ramp + 300s hold 1-37
2026-08-12 19:53:24,685 INFO o.a.j.t.JMeterThread: Thread finished: Load - 50 VU; 60s ramp + 300s hold 1-49
2026-08-12 19:53:24,812 INFO o.a.j.t.JMeterThread: Thread finished: Load - 50 VU; 60s ramp + 300s hold 1-3
2026-08-12 19:53:25,140 INFO o.a.j.t.JMeterThread: Thread finished: Load - 50 VU; 60s ramp + 300s hold 1-26
2026-08-12 19:53:25,870 INFO o.a.j.t.JMeterThread: Thread finished: Load - 50 VU; 60s ramp + 300s hold 1-22
2026-08-12 19:53:26,178 INFO o.a.j.t.JMeterThread: Thread finished: Load - 50 VU; 60s ramp + 300s hold 1-11
2026-08-12 19:53:26,675 INFO o.a.j.t.JMeterThread: Thread finished: Load - 50 VU; 60s ramp + 300s hold 1-34
2026-08-12 19:53:27,003 INFO o.a.j.t.JMeterThread: Thread finished: Load - 50 VU; 60s ramp + 300s hold 1-20
2026-08-12 19:53:27,242 INFO o.a.j.t.JMeterThread: Thread finished: Load - 50 VU; 60s ramp + 300s hold 1-4
2026-08-12 19:53:27,387 INFO o.a.j.t.JMeterThread: Thread finished: Load - 50 VU; 60s ramp + 300s hold 1-47
2026-08-12 19:53:27,402 INFO o.a.j.t.JMeterThread: Thread finished: Load - 50 VU; 60s ramp + 300s hold 1-46
2026-08-12 19:53:27,467 INFO o.a.j.t.JMeterThread: Thread finished: Load - 50 VU; 60s ramp + 300s hold 1-48
2026-08-12 19:53:27,918 INFO o.a.j.t.JMeterThread: Thread finished: Load - 50 VU; 60s ramp + 300s hold 1-6
2026-08-12 19:53:28,299 INFO o.a.j.t.JMeterThread: Thread finished: Load - 50 VU; 60s ramp + 300s hold 1-8
2026-08-12 19:53:28,451 INFO o.a.j.t.JMeterThread: Thread finished: Load - 50 VU; 60s ramp + 300s hold 1-12
2026-08-12 19:53:28,774 INFO o.a.j.t.JMeterThread: Thread finished: Load - 50 VU; 60s ramp + 300s hold 1-28
2026-08-12 19:53:28,830 INFO o.a.j.t.JMeterThread: Thread finished: Load - 50 VU; 60s ramp + 300s hold 1-50
2026-08-12 19:53:29,310 INFO o.a.j.t.JMeterThread: Thread finished: Load - 50 VU; 60s ramp + 300s hold 1-24
2026-08-12 19:53:29,336 INFO o.a.j.t.JMeterThread: Thread finished: Load - 50 VU; 60s ramp + 300s hold 1-29
2026-08-12 19:53:29,399 INFO o.a.j.t.JMeterThread: Thread finished: Load - 50 VU; 60s ramp + 300s hold 1-27
2026-08-12 19:53:29,710 INFO o.a.j.t.JMeterThread: Thread finished: Load - 50 VU; 60s ramp + 300s hold 1-5
2026-08-12 19:53:29,732 INFO o.a.j.t.JMeterThread: Thread finished: Load - 50 VU; 60s ramp + 300s hold 1-18
2026-08-12 19:53:30,279 INFO o.a.j.r.Summariser: summary +    302 in 00:00:30 =   10.0/s Avg:     4 Min:     1 Max:    21 Err:     0 (0.00%) Active: 19 Started: 50 Finished: 31
2026-08-12 19:53:30,280 INFO o.a.j.r.Summariser: summary =   3581 in 00:05:59 =   10.0/s Avg:     6 Min:     1 Max:    76 Err:     0 (0.00%)
2026-08-12 19:53:30,280 INFO o.a.j.t.JMeterThread: Thread finished: Load - 50 VU; 60s ramp + 300s hold 1-33
2026-08-12 19:53:30,289 INFO o.a.j.t.JMeterThread: Thread finished: Load - 50 VU; 60s ramp + 300s hold 1-9
2026-08-12 19:53:30,397 INFO o.a.j.t.JMeterThread: Thread finished: Load - 50 VU; 60s ramp + 300s hold 1-36
2026-08-12 19:53:30,425 INFO o.a.j.t.JMeterThread: Thread finished: Load - 50 VU; 60s ramp + 300s hold 1-43
2026-08-12 19:53:30,537 INFO o.a.j.t.JMeterThread: Thread finished: Load - 50 VU; 60s ramp + 300s hold 1-21
2026-08-12 19:53:30,577 INFO o.a.j.t.JMeterThread: Thread finished: Load - 50 VU; 60s ramp + 300s hold 1-1
2026-08-12 19:53:30,616 INFO o.a.j.t.JMeterThread: Thread finished: Load - 50 VU; 60s ramp + 300s hold 1-16
2026-08-12 19:53:30,742 INFO o.a.j.t.JMeterThread: Thread finished: Load - 50 VU; 60s ramp + 300s hold 1-38
2026-08-12 19:53:30,824 INFO o.a.j.t.JMeterThread: Thread finished: Load - 50 VU; 60s ramp + 300s hold 1-30
2026-08-12 19:53:30,846 INFO o.a.j.t.JMeterThread: Thread finished: Load - 50 VU; 60s ramp + 300s hold 1-44
2026-08-12 19:53:31,014 INFO o.a.j.t.JMeterThread: Thread finished: Load - 50 VU; 60s ramp + 300s hold 1-10
2026-08-12 19:53:31,068 INFO o.a.j.t.JMeterThread: Thread finished: Load - 50 VU; 60s ramp + 300s hold 1-15
2026-08-12 19:53:31,228 INFO o.a.j.t.JMeterThread: Thread finished: Load - 50 VU; 60s ramp + 300s hold 1-31
2026-08-12 19:53:31,328 INFO o.a.j.t.JMeterThread: Thread finished: Load - 50 VU; 60s ramp + 300s hold 1-13
2026-08-12 19:53:31,333 INFO o.a.j.t.JMeterThread: Thread finished: Load - 50 VU; 60s ramp + 300s hold 1-35
2026-08-12 19:53:31,558 INFO o.a.j.t.JMeterThread: Thread finished: Load - 50 VU; 60s ramp + 300s hold 1-14
2026-08-12 19:53:31,642 INFO o.a.j.t.JMeterThread: Thread finished: Load - 50 VU; 60s ramp + 300s hold 1-19
2026-08-12 19:53:31,703 INFO o.a.j.t.JMeterThread: Thread finished: Load - 50 VU; 60s ramp + 300s hold 1-32
2026-08-12 19:53:31,723 INFO o.a.j.t.JMeterThread: Thread finished: Load - 50 VU; 60s ramp + 300s hold 1-39
2026-08-12 19:53:31,726 INFO o.a.j.e.StandardJMeterEngine: Notifying test listeners of end of test
2026-08-12 19:53:31,726 INFO o.a.j.s.FileServer: Close: ../data/products.csv
2026-08-12 19:53:31,726 INFO o.a.j.s.FileServer: Close: ../data/users.csv
2026-08-12 19:53:31,730 INFO o.a.j.r.Summariser: summary +     18 in 00:00:01 =   12.4/s Avg:     4 Min:     2 Max:    18 Err:     0 (0.00%) Active: 0 Started: 50 Finished: 50
2026-08-12 19:53:31,730 INFO o.a.j.r.Summariser: summary =   3599 in 00:06:00 =   10.0/s Avg:     6 Min:     1 Max:    76 Err:     0 (0.00%)
2026-08-12 19:53:31,731 INFO o.a.j.JMeter: Generating Dashboard
2026-08-12 19:53:31,731 INFO o.a.j.r.d.ReportGenerator: Flushing result collector before report Generation
2026-08-12 19:53:31,741 INFO o.a.j.r.p.NormalizerSampleConsumer: Using format, 'ms', to parse timeStamp field
2026-08-12 19:53:31,944 INFO o.a.j.r.p.AbstractSampleConsumer: class org.apache.jmeter.report.processor.AggregateConsumer#stopProducing(): beginDate produced 0 samples
2026-08-12 19:53:31,944 INFO o.a.j.r.p.AbstractSampleConsumer: class org.apache.jmeter.report.processor.AggregateConsumer#stopProducing(): endDate produced 0 samples
2026-08-12 19:53:31,947 INFO o.a.j.r.p.AbstractSampleConsumer: class org.apache.jmeter.report.processor.ApdexSummaryConsumer#stopProducing(): apdexSummary produced 0 samples
2026-08-12 19:53:31,947 INFO o.a.j.r.p.AbstractSampleConsumer: class org.apache.jmeter.report.processor.RequestsSummaryConsumer#stopProducing(): requestsSummary produced 0 samples
2026-08-12 19:53:31,956 INFO o.a.j.r.p.AbstractSampleConsumer: class org.apache.jmeter.report.processor.StatisticsSummaryConsumer#stopProducing(): statisticsSummary produced 0 samples
2026-08-12 19:53:31,962 INFO o.a.j.r.p.AbstractSampleConsumer: class org.apache.jmeter.report.processor.Top5ErrorsBySamplerConsumer#stopProducing(): top5ErrorsBySampler produced 0 samples
2026-08-12 19:53:31,963 INFO o.a.j.r.p.AbstractSampleConsumer: class org.apache.jmeter.report.processor.ErrorsSummaryConsumer#stopProducing(): errorsSummary produced 0 samples
2026-08-12 19:53:31,963 INFO o.a.j.r.p.AbstractSampleConsumer: class org.apache.jmeter.report.processor.graph.impl.HitsPerSecondGraphConsumer#stopProducing(): hitsPerSecond produced 0 samples
2026-08-12 19:53:32,008 INFO o.a.j.r.p.AbstractSampleConsumer: class org.apache.jmeter.report.processor.graph.impl.LatencyVSRequestGraphConsumer#stopProducing(): latencyVsRequest produced 0 samples
2026-08-12 19:53:32,008 INFO o.a.j.r.p.AbstractSampleConsumer: class org.apache.jmeter.report.processor.graph.impl.SyntheticResponseTimeDistributionGraphConsumer#stopProducing(): syntheticResponseTimeDistribution produced 0 samples
2026-08-12 19:53:32,008 INFO o.a.j.r.p.AbstractSampleConsumer: class org.apache.jmeter.report.processor.graph.impl.BytesThroughputGraphConsumer#stopProducing(): bytesThroughputOverTime produced 0 samples
2026-08-12 19:53:32,008 INFO o.a.j.r.p.AbstractSampleConsumer: class org.apache.jmeter.report.processor.graph.impl.CodesPerSecondGraphConsumer#stopProducing(): codesPerSecond produced 0 samples
2026-08-12 19:53:32,053 INFO o.a.j.r.p.AbstractSampleConsumer: class org.apache.jmeter.report.processor.graph.impl.ResponseTimeVSRequestGraphConsumer#stopProducing(): responseTimeVsRequest produced 0 samples
2026-08-12 19:53:32,054 INFO o.a.j.r.p.AbstractSampleConsumer: class org.apache.jmeter.report.processor.FilterConsumer#stopProducing(): startIntervalControlerFilter produced 25193 samples
2026-08-12 19:53:32,054 INFO o.a.j.r.p.AbstractSampleConsumer: class org.apache.jmeter.report.processor.graph.impl.TotalTPSGraphConsumer#stopProducing(): totalTPS produced 0 samples
2026-08-12 19:53:32,054 INFO o.a.j.r.p.AbstractSampleConsumer: class org.apache.jmeter.report.processor.graph.impl.ActiveThreadsGraphConsumer#stopProducing(): activeThreadsOverTime produced 0 samples
2026-08-12 19:53:32,054 INFO o.a.j.r.p.AbstractSampleConsumer: class org.apache.jmeter.report.processor.graph.impl.TimeVSThreadGraphConsumer#stopProducing(): timeVsThreads produced 0 samples
2026-08-12 19:53:32,055 INFO o.a.j.r.p.AbstractSampleConsumer: class org.apache.jmeter.report.processor.graph.impl.ResponseTimeDistributionGraphConsumer#stopProducing(): responseTimeDistribution produced 0 samples
2026-08-12 19:53:32,055 INFO o.a.j.r.p.AbstractSampleConsumer: class org.apache.jmeter.report.processor.graph.impl.TransactionsPerSecondGraphConsumer#stopProducing(): transactionsPerSecond produced 0 samples
2026-08-12 19:53:32,055 INFO o.a.j.r.p.AbstractSampleConsumer: class org.apache.jmeter.report.processor.graph.impl.ResponseTimePercentilesGraphConsumer#stopProducing(): responseTimePercentiles produced 0 samples
2026-08-12 19:53:32,056 INFO o.a.j.r.p.AbstractSampleConsumer: class org.apache.jmeter.report.processor.graph.impl.ResponseTimePercentilesOverTimeGraphConsumer#stopProducing(): responseTimePercentilesOverTime produced 0 samples
2026-08-12 19:53:32,058 INFO o.a.j.r.p.AbstractSampleConsumer: class org.apache.jmeter.report.processor.graph.impl.ResponseTimeOverTimeGraphConsumer#stopProducing(): responseTimesOverTime produced 0 samples
2026-08-12 19:53:32,058 INFO o.a.j.r.p.AbstractSampleConsumer: class org.apache.jmeter.report.processor.graph.impl.ConnectTimeOverTimeGraphConsumer#stopProducing(): connectTimeOverTime produced 0 samples
2026-08-12 19:53:32,058 INFO o.a.j.r.p.AbstractSampleConsumer: class org.apache.jmeter.report.processor.graph.impl.LatencyOverTimeGraphConsumer#stopProducing(): latenciesOverTime produced 0 samples
2026-08-12 19:53:32,058 INFO o.a.j.r.p.AbstractSampleConsumer: class org.apache.jmeter.report.processor.FilterConsumer#stopProducing(): nameFilter produced 53985 samples
2026-08-12 19:53:32,058 INFO o.a.j.r.p.AbstractSampleConsumer: class org.apache.jmeter.report.processor.FilterConsumer#stopProducing(): dateRangeFilter produced 10797 samples
2026-08-12 19:53:32,058 INFO o.a.j.r.p.AbstractSampleConsumer: class org.apache.jmeter.report.processor.NormalizerSampleConsumer#stopProducing(): normalizer produced 3599 samples
2026-08-12 19:53:32,059 INFO o.a.j.r.p.CsvFileSampleSource: produce(): 3599 samples produced in 290ms on channel 0
2026-08-12 19:53:32,059 INFO o.a.j.r.d.ReportGenerator: Exporting data using exporter:'json' of className:'org.apache.jmeter.report.dashboard.JsonExporter'
2026-08-12 19:53:32,143 INFO o.a.j.r.d.JsonExporter: Found data for consumer statisticsSummary in context
2026-08-12 19:53:32,144 INFO o.a.j.r.d.JsonExporter: Creating statistics for overall
2026-08-12 19:53:32,144 INFO o.a.j.r.d.JsonExporter: Creating statistics for other transactions
2026-08-12 19:53:32,145 INFO o.a.j.r.d.JsonExporter: Checking output folder
2026-08-12 19:53:32,146 INFO o.a.j.r.d.JsonExporter: Writing statistics JSON to C:\Users\dn156\source\software-testing\software-testing\hw\hw5\results\html\Load\statistics.json
2026-08-12 19:53:32,189 INFO o.a.j.r.d.ReportGenerator: Exporting data using exporter:'html' of className:'org.apache.jmeter.report.dashboard.HtmlTemplateExporter'
2026-08-12 19:53:32,193 INFO o.a.j.r.d.HtmlTemplateExporter: Will generate dashboard in folder: C:\Users\dn156\source\software-testing\software-testing\hw\hw5\results\html\Load
2026-08-12 19:53:32,330 INFO o.a.j.r.d.HtmlTemplateExporter: Report will be generated in: C:\Users\dn156\source\software-testing\software-testing\hw\hw5\results\html\Load, creating folder structure
2026-08-12 19:53:32,333 INFO o.a.j.r.d.TemplateVisitor: Copying folder from 'C:\Users\dn156\tools\apache-jmeter-5.6.3\bin\report-template' to 'C:\Users\dn156\source\software-testing\software-testing\hw\hw5\results\html\Load', got message: C:\Users\dn156\source\software-testing\software-testing\hw\hw5\results\html\Load, found non empty folder with following content [C:\Users\dn156\source\software-testing\software-testing\hw\hw5\results\html\Load\statistics.json], will be ignored
2026-08-12 19:53:32,803 INFO o.a.j.JMeter: Dashboard generated
