SyntaxError: Unexpected end of JSON input
    at JSON.parse (<anonymous>)
    at parse (C:\Users\dn156\source\software-testing\software-testing\hw\eshop-sut\backend\node_modules\body-parser\lib\types\json.js:72:19)
    at C:\Users\dn156\source\software-testing\software-testing\hw\eshop-sut\backend\node_modules\body-parser\lib\read.js:162:18
    at AsyncResource.runInAsyncScope (node:async_hooks:206:9)
    at invokeCallback (C:\Users\dn156\source\software-testing\software-testing\hw\eshop-sut\backend\node_modules\raw-body\index.js:238:16)
    at done (C:\Users\dn156\source\software-testing\software-testing\hw\eshop-sut\backend\node_modules\raw-body\index.js:227:7)
    at IncomingMessage.onEnd (C:\Users\dn156\source\software-testing\software-testing\hw\eshop-sut\backend\node_modules\raw-body\index.js:287:7)
    at IncomingMessage.emit (node:events:524:28)
    at endReadableNT (node:internal/streams/readable:1698:12)
    at process.processTicksAndRejections (node:internal/process/task_queues:82:21)
SyntaxError: Unexpected end of JSON input
    at JSON.parse (<anonymous>)
    at parse (C:\Users\dn156\source\software-testing\software-testing\hw\eshop-sut\backend\node_modules\body-parser\lib\types\json.js:72:19)
    at C:\Users\dn156\source\software-testing\software-testing\hw\eshop-sut\backend\node_modules\body-parser\lib\read.js:162:18
    at AsyncResource.runInAsyncScope (node:async_hooks:206:9)
    at invokeCallback (C:\Users\dn156\source\software-testing\software-testing\hw\eshop-sut\backend\node_modules\raw-body\index.js:238:16)
    at done (C:\Users\dn156\source\software-testing\software-testing\hw\eshop-sut\backend\node_modules\raw-body\index.js:227:7)
    at IncomingMessage.onEnd (C:\Users\dn156\source\software-testing\software-testing\hw\eshop-sut\backend\node_modules\raw-body\index.js:287:7)
    at IncomingMessage.emit (node:events:524:28)
    at endReadableNT (node:internal/streams/readable:1698:12)
    at process.processTicksAndRejections (node:internal/process/task_queues:82:21)
SyntaxError: Unexpected end of JSON input
    at JSON.parse (<anonymous>)
    at parse (C:\Users\dn156\source\software-testing\software-testing\hw\eshop-sut\backend\node_modules\body-parser\lib\types\json.js:72:19)
    at C:\Users\dn156\source\software-testing\software-testing\hw\eshop-sut\backend\node_modules\body-parser\lib\read.js:162:18
    at AsyncResource.runInAsyncScope (node:async_hooks:206:9)
    at invokeCallback (C:\Users\dn156\source\software-testing\software-testing\hw\eshop-sut\backend\node_modules\raw-body\index.js:238:16)
    at done (C:\Users\dn156\source\software-testing\software-testing\hw\eshop-sut\backend\node_modules\raw-body\index.js:227:7)
    at IncomingMessage.onEnd (C:\Users\dn156\source\software-testing\software-testing\hw\eshop-sut\backend\node_modules\raw-body\index.js:287:7)
    at IncomingMessage.emit (node:events:524:28)
    at endReadableNT (node:internal/streams/readable:1698:12)
    at process.processTicksAndRejections (node:internal/process/task_queues:82:21)
